INFO: [VRFC 10-2263] Analyzing SystemVerilog file "C:/Users/BEK/repos/PPA-Optimized-32-bit-Pipelined-ALU-Design/documents/schematics/schematics/rtl/ADDER32_FAST.sv" into library xil_defaultlib
INFO: [VRFC 10-311] analyzing module ADDER32
INFO: [VRFC 10-311] analyzing module PG16
INFO: [VRFC 10-311] analyzing module carry_calculator
INFO: [VRFC 10-311] analyzing module CLA16
INFO: [VRFC 10-311] analyzing module CLA4
INFO: [VRFC 10-311] analyzing module SUM16
INFO: [VRFC 10-2263] Analyzing SystemVerilog file "C:/Users/BEK/repos/PPA-Optimized-32-bit-Pipelined-ALU-Design/documents/schematics/schematics/rtl/ADDER32_LP.sv" into library xil_defaultlib
INFO: [VRFC 10-311] analyzing module ADDER32_LP
INFO: [VRFC 10-2263] Analyzing SystemVerilog file "C:/Users/BEK/repos/PPA-Optimized-32-bit-Pipelined-ALU-Design/documents/schematics/schematics/rtl/DFFR.sv" into library xil_defaultlib
INFO: [VRFC 10-311] analyzing module dffr
INFO: [VRFC 10-2263] Analyzing SystemVerilog file "C:/Users/BEK/repos/PPA-Optimized-32-bit-Pipelined-ALU-Design/documents/schematics/schematics/rtl/DFFR16_multi.sv" into library xil_defaultlib
INFO: [VRFC 10-311] analyzing module dffr_16bit_multi
INFO: [VRFC 10-2263] Analyzing SystemVerilog file "C:/Users/BEK/repos/PPA-Optimized-32-bit-Pipelined-ALU-Design/documents/schematics/schematics/rtl/DFFR32_multi.sv" into library xil_defaultlib
INFO: [VRFC 10-311] analyzing module dffr_32bit_multi
INFO: [VRFC 10-2263] Analyzing SystemVerilog file "C:/Users/BEK/repos/PPA-Optimized-32-bit-Pipelined-ALU-Design/documents/schematics/schematics/rtl/DFFR64.sv" into library xil_defaultlib
INFO: [VRFC 10-311] analyzing module dffr_64bit
INFO: [VRFC 10-2263] Analyzing SystemVerilog file "C:/Users/BEK/repos/PPA-Optimized-32-bit-Pipelined-ALU-Design/documents/schematics/schematics/rtl/LOGIC_BLOCK.sv" into library xil_defaultlib
INFO: [VRFC 10-311] analyzing module LOGIC_BLOCK
INFO: [VRFC 10-2263] Analyzing SystemVerilog file "C:/Users/BEK/repos/PPA-Optimized-32-bit-Pipelined-ALU-Design/documents/schematics/schematics/rtl/MULT32_FAST.sv" into library xil_defaultlib
INFO: [VRFC 10-311] analyzing module MULT32
INFO: [VRFC 10-311] analyzing module MULT16
INFO: [VRFC 10-311] analyzing module MULT8
INFO: [VRFC 10-311] analyzing module MULT4
INFO: [VRFC 10-2263] Analyzing SystemVerilog file "C:/Users/BEK/repos/PPA-Optimized-32-bit-Pipelined-ALU-Design/documents/schematics/schematics/rtl/MULT32_LP.sv" into library xil_defaultlib
INFO: [VRFC 10-311] analyzing module MULT32_LP
INFO: [VRFC 10-2263] Analyzing SystemVerilog file "C:/Users/BEK/repos/PPA-Optimized-32-bit-Pipelined-ALU-Design/documents/schematics/schematics/rtl/SHIFTER.sv" into library xil_defaultlib
INFO: [VRFC 10-311] analyzing module SHIFTER
INFO: [VRFC 10-2263] Analyzing SystemVerilog file "C:/Users/BEK/repos/PPA-Optimized-32-bit-Pipelined-ALU-Design/documents/schematics/schematics/rtl/c0_calculator.sv" into library xil_defaultlib
INFO: [VRFC 10-311] analyzing module c0_calculator
INFO: [VRFC 10-2263] Analyzing SystemVerilog file "C:/Users/BEK/repos/PPA-Optimized-32-bit-Pipelined-ALU-Design/documents/schematics/schematics/rtl/conflict_handler.sv" into library xil_defaultlib
INFO: [VRFC 10-311] analyzing module conflict_handler
INFO: [VRFC 10-2263] Analyzing SystemVerilog file "C:/Users/BEK/repos/PPA-Optimized-32-bit-Pipelined-ALU-Design/documents/schematics/schematics/rtl/flag_controller.sv" into library xil_defaultlib
INFO: [VRFC 10-311] analyzing module flag_controller
INFO: [VRFC 10-2263] Analyzing SystemVerilog file "C:/Users/BEK/repos/PPA-Optimized-32-bit-Pipelined-ALU-Design/documents/schematics/schematics/rtl/pipe_counter.sv" into library xil_defaultlib
INFO: [VRFC 10-311] analyzing module pipe_counter
INFO: [VRFC 10-2263] Analyzing SystemVerilog file "C:/Users/BEK/repos/PPA-Optimized-32-bit-Pipelined-ALU-Design/documents/schematics/schematics/rtl/ALU_TOP.sv" into library xil_defaultlib
INFO: [VRFC 10-311] analyzing module ALU_TOP
