###############################################################
#  Generated by:      Cadence Innovus 21.35-s114_1
#  OS:                Linux x86_64(Host ID pc231.ee.hacettepe.edu.tr)
#  Generated on:      Sun Dec 28 17:43:34 2025
#  Design:            ALU_TOP
#  Command:           report_timing > ALU_main_timing.rpt
###############################################################
Path 1: MET Late External Delay Assertion 
Endpoint:   Y[8]        (^) checked with  leading edge of 'clk'
Beginpoint: input_valid (^) triggered by  leading edge of 'clk'
Path Groups: {clk}
Analysis View: MyAnalysisView
Other End Arrival Time          0.000
- External Delay                0.080
+ Phase Shift                   0.604
+ CPPR Adjustment               0.000
- Uncertainty                   0.050
= Required Time                 0.474
- Arrival Time                  0.440
= Slack Time                    0.034
     Clock Rise Edge                      0.000
     + Input Delay                        0.080
     = Beginpoint Arrival Time            0.080
     +-----------------------------------------------------------------------+ 
     |   Instance   |      Arc      |   Cell    | Delay | Arrival | Required | 
     |              |               |           |       |  Time   |   Time   | 
     |--------------+---------------+-----------+-------+---------+----------| 
     |              | input_valid ^ |           |       |   0.080 |    0.113 | 
     | FE_RC_1003_0 | A ^ -> Y ^    | CLKBUFX20 | 0.042 |   0.122 |    0.156 | 
     | g116719      | AN ^ -> Y ^   | NOR2BX2   | 0.052 |   0.174 |    0.208 | 
     | FE_RC_579_0  | B ^ -> Y v    | NAND2X6   | 0.032 |   0.206 |    0.240 | 
     | g114200      | A v -> Y ^    | MXI2X1    | 0.040 |   0.246 |    0.280 | 
     | FE_RC_840_0  | B1 ^ -> Y v   | AOI22X2   | 0.030 |   0.276 |    0.310 | 
     | g114383      | A v -> Y ^    | MXI2X1    | 0.043 |   0.319 |    0.353 | 
     | g114615      | A1N ^ -> Y ^  | AOI2BB1X1 | 0.027 |   0.346 |    0.380 | 
     | FE_RC_492_0  | B0 ^ -> Y ^   | OA21X1    | 0.036 |   0.382 |    0.416 | 
     | FE_RC_89_0   | B ^ -> Y v    | NOR2BX2   | 0.013 |   0.395 |    0.429 | 
     | FE_RC_88_0   | B v -> Y ^    | NAND2X4   | 0.012 |   0.408 |    0.441 | 
     | g42          | A ^ -> Y ^    | TBUFX6    | 0.033 |   0.440 |    0.474 | 
     |              | Y[8] ^        |           | 0.000 |   0.440 |    0.474 | 
     +-----------------------------------------------------------------------+ 

