Vivado Simulator v2025.2
Copyright 1986-2022 Xilinx, Inc. All Rights Reserved.
Copyright 2022-2025 Advanced Micro Devices, Inc. All Rights Reserved.
Running: B:/VIVADO/2025.2/Vivado/bin/unwrapped/win64.o/xelab.exe --incr --debug typical --relax --mt 2 -L xil_defaultlib -L uvm -L unisims_ver -L unimacro_ver -L secureip --snapshot MULT32_FAST_CT_behav xil_defaultlib.MULT32_FAST_CT xil_defaultlib.glbl -log elaborate.log 
Using 2 slave threads.
Starting static elaboration
Pass Through NonSizing Optimizer
Completed static elaboration
Starting simulation data flow analysis
WARNING: [XSIM 43-4099] "C:/Users/BEK/repos/PPA-Optimized-32-bit-Pipelined-ALU-Design/rtl/MULT32_FAST.sv" Line 1. Module MULT32 doesn't have a timescale but at least one module in design has a timescale.
WARNING: [XSIM 43-4099] "C:/Users/BEK/repos/PPA-Optimized-32-bit-Pipelined-ALU-Design/rtl/MULT32_FAST.sv" Line 144. Module MULT16 doesn't have a timescale but at least one module in design has a timescale.
WARNING: [XSIM 43-4099] "C:/Users/BEK/repos/PPA-Optimized-32-bit-Pipelined-ALU-Design/rtl/MULT32_FAST.sv" Line 227. Module MULT8 doesn't have a timescale but at least one module in design has a timescale.
WARNING: [XSIM 43-4099] "C:/Users/BEK/repos/PPA-Optimized-32-bit-Pipelined-ALU-Design/rtl/MULT32_FAST.sv" Line 288. Module MULT4 doesn't have a timescale but at least one module in design has a timescale.
WARNING: [XSIM 43-4099] "C:/Users/BEK/repos/PPA-Optimized-32-bit-Pipelined-ALU-Design/rtl/MULT32_FAST.sv" Line 288. Module MULT4 doesn't have a timescale but at least one module in design has a timescale.
WARNING: [XSIM 43-4099] "C:/Users/BEK/repos/PPA-Optimized-32-bit-Pipelined-ALU-Design/rtl/MULT32_FAST.sv" Line 288. Module MULT4 doesn't have a timescale but at least one module in design has a timescale.
WARNING: [XSIM 43-4099] "C:/Users/BEK/repos/PPA-Optimized-32-bit-Pipelined-ALU-Design/rtl/MULT32_FAST.sv" Line 288. Module MULT4 doesn't have a timescale but at least one module in design has a timescale.
WARNING: [XSIM 43-4099] "C:/Users/BEK/repos/PPA-Optimized-32-bit-Pipelined-ALU-Design/rtl/MULT32_FAST.sv" Line 227. Module MULT8 doesn't have a timescale but at least one module in design has a timescale.
WARNING: [XSIM 43-4099] "C:/Users/BEK/repos/PPA-Optimized-32-bit-Pipelined-ALU-Design/rtl/MULT32_FAST.sv" Line 288. Module MULT4 doesn't have a timescale but at least one module in design has a timescale.
WARNING: [XSIM 43-4099] "C:/Users/BEK/repos/PPA-Optimized-32-bit-Pipelined-ALU-Design/rtl/MULT32_FAST.sv" Line 288. Module MULT4 doesn't have a timescale but at least one module in design has a timescale.
WARNING: [XSIM 43-4099] "C:/Users/BEK/repos/PPA-Optimized-32-bit-Pipelined-ALU-Design/rtl/MULT32_FAST.sv" Line 288. Module MULT4 doesn't have a timescale but at least one module in design has a timescale.
WARNING: [XSIM 43-4099] "C:/Users/BEK/repos/PPA-Optimized-32-bit-Pipelined-ALU-Design/rtl/MULT32_FAST.sv" Line 288. Module MULT4 doesn't have a timescale but at least one module in design has a timescale.
WARNING: [XSIM 43-4099] "C:/Users/BEK/repos/PPA-Optimized-32-bit-Pipelined-ALU-Design/rtl/MULT32_FAST.sv" Line 227. Module MULT8 doesn't have a timescale but at least one module in design has a timescale.
WARNING: [XSIM 43-4099] "C:/Users/BEK/repos/PPA-Optimized-32-bit-Pipelined-ALU-Design/rtl/MULT32_FAST.sv" Line 288. Module MULT4 doesn't have a timescale but at least one module in design has a timescale.
WARNING: [XSIM 43-4099] "C:/Users/BEK/repos/PPA-Optimized-32-bit-Pipelined-ALU-Design/rtl/MULT32_FAST.sv" Line 288. Module MULT4 doesn't have a timescale but at least one module in design has a timescale.
WARNING: [XSIM 43-4099] "C:/Users/BEK/repos/PPA-Optimized-32-bit-Pipelined-ALU-Design/rtl/MULT32_FAST.sv" Line 288. Module MULT4 doesn't have a timescale but at least one module in design has a timescale.
WARNING: [XSIM 43-4099] "C:/Users/BEK/repos/PPA-Optimized-32-bit-Pipelined-ALU-Design/rtl/MULT32_FAST.sv" Line 288. Module MULT4 doesn't have a timescale but at least one module in design has a timescale.
WARNING: [XSIM 43-4099] "C:/Users/BEK/repos/PPA-Optimized-32-bit-Pipelined-ALU-Design/rtl/MULT32_FAST.sv" Line 227. Module MULT8 doesn't have a timescale but at least one module in design has a timescale.
WARNING: [XSIM 43-4099] "C:/Users/BEK/repos/PPA-Optimized-32-bit-Pipelined-ALU-Design/rtl/MULT32_FAST.sv" Line 288. Module MULT4 doesn't have a timescale but at least one module in design has a timescale.
WARNING: [XSIM 43-4099] "C:/Users/BEK/repos/PPA-Optimized-32-bit-Pipelined-ALU-Design/rtl/MULT32_FAST.sv" Line 288. Module MULT4 doesn't have a timescale but at least one module in design has a timescale.
WARNING: [XSIM 43-4099] "C:/Users/BEK/repos/PPA-Optimized-32-bit-Pipelined-ALU-Design/rtl/MULT32_FAST.sv" Line 288. Module MULT4 doesn't have a timescale but at least one module in design has a timescale.
WARNING: [XSIM 43-4099] "C:/Users/BEK/repos/PPA-Optimized-32-bit-Pipelined-ALU-Design/rtl/MULT32_FAST.sv" Line 288. Module MULT4 doesn't have a timescale but at least one module in design has a timescale.
WARNING: [XSIM 43-4099] "C:/Users/BEK/repos/PPA-Optimized-32-bit-Pipelined-ALU-Design/rtl/MULT32_FAST.sv" Line 144. Module MULT16 doesn't have a timescale but at least one module in design has a timescale.
WARNING: [XSIM 43-4099] "C:/Users/BEK/repos/PPA-Optimized-32-bit-Pipelined-ALU-Design/rtl/MULT32_FAST.sv" Line 227. Module MULT8 doesn't have a timescale but at least one module in design has a timescale.
WARNING: [XSIM 43-4099] "C:/Users/BEK/repos/PPA-Optimized-32-bit-Pipelined-ALU-Design/rtl/MULT32_FAST.sv" Line 288. Module MULT4 doesn't have a timescale but at least one module in design has a timescale.
WARNING: [XSIM 43-4099] "C:/Users/BEK/repos/PPA-Optimized-32-bit-Pipelined-ALU-Design/rtl/MULT32_FAST.sv" Line 288. Module MULT4 doesn't have a timescale but at least one module in design has a timescale.
WARNING: [XSIM 43-4099] "C:/Users/BEK/repos/PPA-Optimized-32-bit-Pipelined-ALU-Design/rtl/MULT32_FAST.sv" Line 288. Module MULT4 doesn't have a timescale but at least one module in design has a timescale.
WARNING: [XSIM 43-4099] "C:/Users/BEK/repos/PPA-Optimized-32-bit-Pipelined-ALU-Design/rtl/MULT32_FAST.sv" Line 288. Module MULT4 doesn't have a timescale but at least one module in design has a timescale.
WARNING: [XSIM 43-4099] "C:/Users/BEK/repos/PPA-Optimized-32-bit-Pipelined-ALU-Design/rtl/MULT32_FAST.sv" Line 227. Module MULT8 doesn't have a timescale but at least one module in design has a timescale.
WARNING: [XSIM 43-4099] "C:/Users/BEK/repos/PPA-Optimized-32-bit-Pipelined-ALU-Design/rtl/MULT32_FAST.sv" Line 288. Module MULT4 doesn't have a timescale but at least one module in design has a timescale.
WARNING: [XSIM 43-4099] "C:/Users/BEK/repos/PPA-Optimized-32-bit-Pipelined-ALU-Design/rtl/MULT32_FAST.sv" Line 288. Module MULT4 doesn't have a timescale but at least one module in design has a timescale.
WARNING: [XSIM 43-4099] "C:/Users/BEK/repos/PPA-Optimized-32-bit-Pipelined-ALU-Design/rtl/MULT32_FAST.sv" Line 288. Module MULT4 doesn't have a timescale but at least one module in design has a timescale.
WARNING: [XSIM 43-4099] "C:/Users/BEK/repos/PPA-Optimized-32-bit-Pipelined-ALU-Design/rtl/MULT32_FAST.sv" Line 288. Module MULT4 doesn't have a timescale but at least one module in design has a timescale.
WARNING: [XSIM 43-4099] "C:/Users/BEK/repos/PPA-Optimized-32-bit-Pipelined-ALU-Design/rtl/MULT32_FAST.sv" Line 227. Module MULT8 doesn't have a timescale but at least one module in design has a timescale.
WARNING: [XSIM 43-4099] "C:/Users/BEK/repos/PPA-Optimized-32-bit-Pipelined-ALU-Design/rtl/MULT32_FAST.sv" Line 288. Module MULT4 doesn't have a timescale but at least one module in design has a timescale.
WARNING: [XSIM 43-4099] "C:/Users/BEK/repos/PPA-Optimized-32-bit-Pipelined-ALU-Design/rtl/MULT32_FAST.sv" Line 288. Module MULT4 doesn't have a timescale but at least one module in design has a timescale.
WARNING: [XSIM 43-4099] "C:/Users/BEK/repos/PPA-Optimized-32-bit-Pipelined-ALU-Design/rtl/MULT32_FAST.sv" Line 288. Module MULT4 doesn't have a timescale but at least one module in design has a timescale.
WARNING: [XSIM 43-4099] "C:/Users/BEK/repos/PPA-Optimized-32-bit-Pipelined-ALU-Design/rtl/MULT32_FAST.sv" Line 288. Module MULT4 doesn't have a timescale but at least one module in design has a timescale.
WARNING: [XSIM 43-4099] "C:/Users/BEK/repos/PPA-Optimized-32-bit-Pipelined-ALU-Design/rtl/MULT32_FAST.sv" Line 227. Module MULT8 doesn't have a timescale but at least one module in design has a timescale.
WARNING: [XSIM 43-4099] "C:/Users/BEK/repos/PPA-Optimized-32-bit-Pipelined-ALU-Design/rtl/MULT32_FAST.sv" Line 288. Module MULT4 doesn't have a timescale but at least one module in design has a timescale.
WARNING: [XSIM 43-4099] "C:/Users/BEK/repos/PPA-Optimized-32-bit-Pipelined-ALU-Design/rtl/MULT32_FAST.sv" Line 288. Module MULT4 doesn't have a timescale but at least one module in design has a timescale.
WARNING: [XSIM 43-4099] "C:/Users/BEK/repos/PPA-Optimized-32-bit-Pipelined-ALU-Design/rtl/MULT32_FAST.sv" Line 288. Module MULT4 doesn't have a timescale but at least one module in design has a timescale.
WARNING: [XSIM 43-4099] "C:/Users/BEK/repos/PPA-Optimized-32-bit-Pipelined-ALU-Design/rtl/MULT32_FAST.sv" Line 288. Module MULT4 doesn't have a timescale but at least one module in design has a timescale.
WARNING: [XSIM 43-4099] "C:/Users/BEK/repos/PPA-Optimized-32-bit-Pipelined-ALU-Design/rtl/MULT32_FAST.sv" Line 144. Module MULT16 doesn't have a timescale but at least one module in design has a timescale.
WARNING: [XSIM 43-4099] "C:/Users/BEK/repos/PPA-Optimized-32-bit-Pipelined-ALU-Design/rtl/MULT32_FAST.sv" Line 227. Module MULT8 doesn't have a timescale but at least one module in design has a timescale.
WARNING: [XSIM 43-4099] "C:/Users/BEK/repos/PPA-Optimized-32-bit-Pipelined-ALU-Design/rtl/MULT32_FAST.sv" Line 288. Module MULT4 doesn't have a timescale but at least one module in design has a timescale.
WARNING: [XSIM 43-4099] "C:/Users/BEK/repos/PPA-Optimized-32-bit-Pipelined-ALU-Design/rtl/MULT32_FAST.sv" Line 288. Module MULT4 doesn't have a timescale but at least one module in design has a timescale.
WARNING: [XSIM 43-4099] "C:/Users/BEK/repos/PPA-Optimized-32-bit-Pipelined-ALU-Design/rtl/MULT32_FAST.sv" Line 288. Module MULT4 doesn't have a timescale but at least one module in design has a timescale.
WARNING: [XSIM 43-4099] "C:/Users/BEK/repos/PPA-Optimized-32-bit-Pipelined-ALU-Design/rtl/MULT32_FAST.sv" Line 288. Module MULT4 doesn't have a timescale but at least one module in design has a timescale.
WARNING: [XSIM 43-4099] "C:/Users/BEK/repos/PPA-Optimized-32-bit-Pipelined-ALU-Design/rtl/MULT32_FAST.sv" Line 227. Module MULT8 doesn't have a timescale but at least one module in design has a timescale.
WARNING: [XSIM 43-4099] "C:/Users/BEK/repos/PPA-Optimized-32-bit-Pipelined-ALU-Design/rtl/MULT32_FAST.sv" Line 288. Module MULT4 doesn't have a timescale but at least one module in design has a timescale.
WARNING: [XSIM 43-4099] "C:/Users/BEK/repos/PPA-Optimized-32-bit-Pipelined-ALU-Design/rtl/MULT32_FAST.sv" Line 288. Module MULT4 doesn't have a timescale but at least one module in design has a timescale.
WARNING: [XSIM 43-4099] "C:/Users/BEK/repos/PPA-Optimized-32-bit-Pipelined-ALU-Design/rtl/MULT32_FAST.sv" Line 288. Module MULT4 doesn't have a timescale but at least one module in design has a timescale.
WARNING: [XSIM 43-4099] "C:/Users/BEK/repos/PPA-Optimized-32-bit-Pipelined-ALU-Design/rtl/MULT32_FAST.sv" Line 288. Module MULT4 doesn't have a timescale but at least one module in design has a timescale.
WARNING: [XSIM 43-4099] "C:/Users/BEK/repos/PPA-Optimized-32-bit-Pipelined-ALU-Design/rtl/MULT32_FAST.sv" Line 227. Module MULT8 doesn't have a timescale but at least one module in design has a timescale.
WARNING: [XSIM 43-4099] "C:/Users/BEK/repos/PPA-Optimized-32-bit-Pipelined-ALU-Design/rtl/MULT32_FAST.sv" Line 288. Module MULT4 doesn't have a timescale but at least one module in design has a timescale.
WARNING: [XSIM 43-4099] "C:/Users/BEK/repos/PPA-Optimized-32-bit-Pipelined-ALU-Design/rtl/MULT32_FAST.sv" Line 288. Module MULT4 doesn't have a timescale but at least one module in design has a timescale.
WARNING: [XSIM 43-4099] "C:/Users/BEK/repos/PPA-Optimized-32-bit-Pipelined-ALU-Design/rtl/MULT32_FAST.sv" Line 288. Module MULT4 doesn't have a timescale but at least one module in design has a timescale.
WARNING: [XSIM 43-4099] "C:/Users/BEK/repos/PPA-Optimized-32-bit-Pipelined-ALU-Design/rtl/MULT32_FAST.sv" Line 288. Module MULT4 doesn't have a timescale but at least one module in design has a timescale.
WARNING: [XSIM 43-4099] "C:/Users/BEK/repos/PPA-Optimized-32-bit-Pipelined-ALU-Design/rtl/MULT32_FAST.sv" Line 227. Module MULT8 doesn't have a timescale but at least one module in design has a timescale.
WARNING: [XSIM 43-4099] "C:/Users/BEK/repos/PPA-Optimized-32-bit-Pipelined-ALU-Design/rtl/MULT32_FAST.sv" Line 288. Module MULT4 doesn't have a timescale but at least one module in design has a timescale.
WARNING: [XSIM 43-4099] "C:/Users/BEK/repos/PPA-Optimized-32-bit-Pipelined-ALU-Design/rtl/MULT32_FAST.sv" Line 288. Module MULT4 doesn't have a timescale but at least one module in design has a timescale.
WARNING: [XSIM 43-4099] "C:/Users/BEK/repos/PPA-Optimized-32-bit-Pipelined-ALU-Design/rtl/MULT32_FAST.sv" Line 288. Module MULT4 doesn't have a timescale but at least one module in design has a timescale.
WARNING: [XSIM 43-4099] "C:/Users/BEK/repos/PPA-Optimized-32-bit-Pipelined-ALU-Design/rtl/MULT32_FAST.sv" Line 288. Module MULT4 doesn't have a timescale but at least one module in design has a timescale.
WARNING: [XSIM 43-4099] "C:/Users/BEK/repos/PPA-Optimized-32-bit-Pipelined-ALU-Design/rtl/MULT32_FAST.sv" Line 144. Module MULT16 doesn't have a timescale but at least one module in design has a timescale.
WARNING: [XSIM 43-4099] "C:/Users/BEK/repos/PPA-Optimized-32-bit-Pipelined-ALU-Design/rtl/MULT32_FAST.sv" Line 227. Module MULT8 doesn't have a timescale but at least one module in design has a timescale.
WARNING: [XSIM 43-4099] "C:/Users/BEK/repos/PPA-Optimized-32-bit-Pipelined-ALU-Design/rtl/MULT32_FAST.sv" Line 288. Module MULT4 doesn't have a timescale but at least one module in design has a timescale.
WARNING: [XSIM 43-4099] "C:/Users/BEK/repos/PPA-Optimized-32-bit-Pipelined-ALU-Design/rtl/MULT32_FAST.sv" Line 288. Module MULT4 doesn't have a timescale but at least one module in design has a timescale.
WARNING: [XSIM 43-4099] "C:/Users/BEK/repos/PPA-Optimized-32-bit-Pipelined-ALU-Design/rtl/MULT32_FAST.sv" Line 288. Module MULT4 doesn't have a timescale but at least one module in design has a timescale.
WARNING: [XSIM 43-4099] "C:/Users/BEK/repos/PPA-Optimized-32-bit-Pipelined-ALU-Design/rtl/MULT32_FAST.sv" Line 288. Module MULT4 doesn't have a timescale but at least one module in design has a timescale.
WARNING: [XSIM 43-4099] "C:/Users/BEK/repos/PPA-Optimized-32-bit-Pipelined-ALU-Design/rtl/MULT32_FAST.sv" Line 227. Module MULT8 doesn't have a timescale but at least one module in design has a timescale.
WARNING: [XSIM 43-4099] "C:/Users/BEK/repos/PPA-Optimized-32-bit-Pipelined-ALU-Design/rtl/MULT32_FAST.sv" Line 288. Module MULT4 doesn't have a timescale but at least one module in design has a timescale.
WARNING: [XSIM 43-4099] "C:/Users/BEK/repos/PPA-Optimized-32-bit-Pipelined-ALU-Design/rtl/MULT32_FAST.sv" Line 288. Module MULT4 doesn't have a timescale but at least one module in design has a timescale.
WARNING: [XSIM 43-4099] "C:/Users/BEK/repos/PPA-Optimized-32-bit-Pipelined-ALU-Design/rtl/MULT32_FAST.sv" Line 288. Module MULT4 doesn't have a timescale but at least one module in design has a timescale.
WARNING: [XSIM 43-4099] "C:/Users/BEK/repos/PPA-Optimized-32-bit-Pipelined-ALU-Design/rtl/MULT32_FAST.sv" Line 288. Module MULT4 doesn't have a timescale but at least one module in design has a timescale.
WARNING: [XSIM 43-4099] "C:/Users/BEK/repos/PPA-Optimized-32-bit-Pipelined-ALU-Design/rtl/MULT32_FAST.sv" Line 227. Module MULT8 doesn't have a timescale but at least one module in design has a timescale.
WARNING: [XSIM 43-4099] "C:/Users/BEK/repos/PPA-Optimized-32-bit-Pipelined-ALU-Design/rtl/MULT32_FAST.sv" Line 288. Module MULT4 doesn't have a timescale but at least one module in design has a timescale.
WARNING: [XSIM 43-4099] "C:/Users/BEK/repos/PPA-Optimized-32-bit-Pipelined-ALU-Design/rtl/MULT32_FAST.sv" Line 288. Module MULT4 doesn't have a timescale but at least one module in design has a timescale.
WARNING: [XSIM 43-4099] "C:/Users/BEK/repos/PPA-Optimized-32-bit-Pipelined-ALU-Design/rtl/MULT32_FAST.sv" Line 288. Module MULT4 doesn't have a timescale but at least one module in design has a timescale.
WARNING: [XSIM 43-4099] "C:/Users/BEK/repos/PPA-Optimized-32-bit-Pipelined-ALU-Design/rtl/MULT32_FAST.sv" Line 288. Module MULT4 doesn't have a timescale but at least one module in design has a timescale.
WARNING: [XSIM 43-4099] "C:/Users/BEK/repos/PPA-Optimized-32-bit-Pipelined-ALU-Design/rtl/MULT32_FAST.sv" Line 227. Module MULT8 doesn't have a timescale but at least one module in design has a timescale.
WARNING: [XSIM 43-4099] "C:/Users/BEK/repos/PPA-Optimized-32-bit-Pipelined-ALU-Design/rtl/MULT32_FAST.sv" Line 288. Module MULT4 doesn't have a timescale but at least one module in design has a timescale.
WARNING: [XSIM 43-4099] "C:/Users/BEK/repos/PPA-Optimized-32-bit-Pipelined-ALU-Design/rtl/MULT32_FAST.sv" Line 288. Module MULT4 doesn't have a timescale but at least one module in design has a timescale.
WARNING: [XSIM 43-4099] "C:/Users/BEK/repos/PPA-Optimized-32-bit-Pipelined-ALU-Design/rtl/MULT32_FAST.sv" Line 288. Module MULT4 doesn't have a timescale but at least one module in design has a timescale.
WARNING: [XSIM 43-4099] "C:/Users/BEK/repos/PPA-Optimized-32-bit-Pipelined-ALU-Design/rtl/MULT32_FAST.sv" Line 288. Module MULT4 doesn't have a timescale but at least one module in design has a timescale.
Completed simulation data flow analysis
Time Resolution for simulation is 1ps
Compiling module xil_defaultlib.MULT4
Compiling module xil_defaultlib.MULT8
Compiling module xil_defaultlib.MULT16
Compiling module xil_defaultlib.MULT32
Compiling module xil_defaultlib.MULT32_FAST_CT
Compiling module xil_defaultlib.glbl
Built simulation snapshot MULT32_FAST_CT_behav
